// Jest Snapshot v1, https://goo.gl/fbAQLP

exports[`<NumberPad /> NumberPad renders correctly 1`] = `
<View
  style={
    {
      "alignSelf": "center",
      "marginHorizontal": 20,
      "width": "75%",
    }
  }
  testID="number-pad-component"
>
  <View
    style={
      {
        "flexDirection": "row",
        "justifyContent": "space-between",
        "marginBottom": 10,
      }
    }
  >
    <View
      accessibilityState={
        {
          "busy": undefined,
          "checked": undefined,
          "disabled": undefined,
          "expanded": undefined,
          "selected": undefined,
        }
      }
      accessibilityValue={
        {
          "max": undefined,
          "min": undefined,
          "now": undefined,
          "text": undefined,
        }
      }
      accessible={true}
      collapsable={false}
      focusable={true}
      onClick={[Function]}
      onResponderGrant={[Function]}
      onResponderMove={[Function]}
      onResponderRelease={[Function]}
      onResponderTerminate={[Function]}
      onResponderTerminationRequest={[Function]}
      onStartShouldSetResponder={[Function]}
      style={
        {
          "alignItems": "center",
          "backgroundColor": "#58D0EA",
          "borderRadius": 40,
          "height": 80,
          "justifyContent": "center",
          "opacity": 1,
          "width": 80,
        }
      }
      testID="number-pad-button-1"
    >
      <Text
        style={
          {
            "fontSize": 24,
            "fontWeight": "bold",
          }
        }
      >
        1
      </Text>
    </View>
    <View
      accessibilityState={
        {
          "busy": undefined,
          "checked": undefined,
          "disabled": undefined,
          "expanded": undefined,
          "selected": undefined,
        }
      }
      accessibilityValue={
        {
          "max": undefined,
          "min": undefined,
          "now": undefined,
          "text": undefined,
        }
      }
      accessible={true}
      collapsable={false}
      focusable={true}
      onClick={[Function]}
      onResponderGrant={[Function]}
      onResponderMove={[Function]}
      onResponderRelease={[Function]}
      onResponderTerminate={[Function]}
      onResponderTerminationRequest={[Function]}
      onStartShouldSetResponder={[Function]}
      style={
        {
          "alignItems": "center",
          "backgroundColor": "#58D0EA",
          "borderRadius": 40,
          "height": 80,
          "justifyContent": "center",
          "opacity": 1,
          "width": 80,
        }
      }
      testID="number-pad-button-2"
    >
      <Text
        style={
          {
            "fontSize": 24,
            "fontWeight": "bold",
          }
        }
      >
        2
      </Text>
    </View>
    <View
      accessibilityState={
        {
          "busy": undefined,
          "checked": undefined,
          "disabled": undefined,
          "expanded": undefined,
          "selected": undefined,
        }
      }
      accessibilityValue={
        {
          "max": undefined,
          "min": undefined,
          "now": undefined,
          "text": undefined,
        }
      }
      accessible={true}
      collapsable={false}
      focusable={true}
      onClick={[Function]}
      onResponderGrant={[Function]}
      onResponderMove={[Function]}
      onResponderRelease={[Function]}
      onResponderTerminate={[Function]}
      onResponderTerminationRequest={[Function]}
      onStartShouldSetResponder={[Function]}
      style={
        {
          "alignItems": "center",
          "backgroundColor": "#58D0EA",
          "borderRadius": 40,
          "height": 80,
          "justifyContent": "center",
          "opacity": 1,
          "width": 80,
        }
      }
      testID="number-pad-button-3"
    >
      <Text
        style={
          {
            "fontSize": 24,
            "fontWeight": "bold",
          }
        }
      >
        3
      </Text>
    </View>
  </View>
  <View
    style={
      {
        "flexDirection": "row",
        "justifyContent": "space-between",
        "marginBottom": 10,
      }
    }
  >
    <View
      accessibilityState={
        {
          "busy": undefined,
          "checked": undefined,
          "disabled": undefined,
          "expanded": undefined,
          "selected": undefined,
        }
      }
      accessibilityValue={
        {
          "max": undefined,
          "min": undefined,
          "now": undefined,
          "text": undefined,
        }
      }
      accessible={true}
      collapsable={false}
      focusable={true}
      onClick={[Function]}
      onResponderGrant={[Function]}
      onResponderMove={[Function]}
      onResponderRelease={[Function]}
      onResponderTerminate={[Function]}
      onResponderTerminationRequest={[Function]}
      onStartShouldSetResponder={[Function]}
      style={
        {
          "alignItems": "center",
          "backgroundColor": "#58D0EA",
          "borderRadius": 40,
          "height": 80,
          "justifyContent": "center",
          "opacity": 1,
          "width": 80,
        }
      }
      testID="number-pad-button-4"
    >
      <Text
        style={
          {
            "fontSize": 24,
            "fontWeight": "bold",
          }
        }
      >
        4
      </Text>
    </View>
    <View
      accessibilityState={
        {
          "busy": undefined,
          "checked": undefined,
          "disabled": undefined,
          "expanded": undefined,
          "selected": undefined,
        }
      }
      accessibilityValue={
        {
          "max": undefined,
          "min": undefined,
          "now": undefined,
          "text": undefined,
        }
      }
      accessible={true}
      collapsable={false}
      focusable={true}
      onClick={[Function]}
      onResponderGrant={[Function]}
      onResponderMove={[Function]}
      onResponderRelease={[Function]}
      onResponderTerminate={[Function]}
      onResponderTerminationRequest={[Function]}
      onStartShouldSetResponder={[Function]}
      style={
        {
          "alignItems": "center",
          "backgroundColor": "#58D0EA",
          "borderRadius": 40,
          "height": 80,
          "justifyContent": "center",
          "opacity": 1,
          "width": 80,
        }
      }
      testID="number-pad-button-5"
    >
      <Text
        style={
          {
            "fontSize": 24,
            "fontWeight": "bold",
          }
        }
      >
        5
      </Text>
    </View>
    <View
      accessibilityState={
        {
          "busy": undefined,
          "checked": undefined,
          "disabled": undefined,
          "expanded": undefined,
          "selected": undefined,
        }
      }
      accessibilityValue={
        {
          "max": undefined,
          "min": undefined,
          "now": undefined,
          "text": undefined,
        }
      }
      accessible={true}
      collapsable={false}
      focusable={true}
      onClick={[Function]}
      onResponderGrant={[Function]}
      onResponderMove={[Function]}
      onResponderRelease={[Function]}
      onResponderTerminate={[Function]}
      onResponderTerminationRequest={[Function]}
      onStartShouldSetResponder={[Function]}
      style={
        {
          "alignItems": "center",
          "backgroundColor": "#58D0EA",
          "borderRadius": 40,
          "height": 80,
          "justifyContent": "center",
          "opacity": 1,
          "width": 80,
        }
      }
      testID="number-pad-button-6"
    >
      <Text
        style={
          {
            "fontSize": 24,
            "fontWeight": "bold",
          }
        }
      >
        6
      </Text>
    </View>
  </View>
  <View
    style={
      {
        "flexDirection": "row",
        "justifyContent": "space-between",
        "marginBottom": 10,
      }
    }
  >
    <View
      accessibilityState={
        {
          "busy": undefined,
          "checked": undefined,
          "disabled": undefined,
          "expanded": undefined,
          "selected": undefined,
        }
      }
      accessibilityValue={
        {
          "max": undefined,
          "min": undefined,
          "now": undefined,
          "text": undefined,
        }
      }
      accessible={true}
      collapsable={false}
      focusable={true}
      onClick={[Function]}
      onResponderGrant={[Function]}
      onResponderMove={[Function]}
      onResponderRelease={[Function]}
      onResponderTerminate={[Function]}
      onResponderTerminationRequest={[Function]}
      onStartShouldSetResponder={[Function]}
      style={
        {
          "alignItems": "center",
          "backgroundColor": "#58D0EA",
          "borderRadius": 40,
          "height": 80,
          "justifyContent": "center",
          "opacity": 1,
          "width": 80,
        }
      }
      testID="number-pad-button-7"
    >
      <Text
        style={
          {
            "fontSize": 24,
            "fontWeight": "bold",
          }
        }
      >
        7
      </Text>
    </View>
    <View
      accessibilityState={
        {
          "busy": undefined,
          "checked": undefined,
          "disabled": undefined,
          "expanded": undefined,
          "selected": undefined,
        }
      }
      accessibilityValue={
        {
          "max": undefined,
          "min": undefined,
          "now": undefined,
          "text": undefined,
        }
      }
      accessible={true}
      collapsable={false}
      focusable={true}
      onClick={[Function]}
      onResponderGrant={[Function]}
      onResponderMove={[Function]}
      onResponderRelease={[Function]}
      onResponderTerminate={[Function]}
      onResponderTerminationRequest={[Function]}
      onStartShouldSetResponder={[Function]}
      style={
        {
          "alignItems": "center",
          "backgroundColor": "#58D0EA",
          "borderRadius": 40,
          "height": 80,
          "justifyContent": "center",
          "opacity": 1,
          "width": 80,
        }
      }
      testID="number-pad-button-8"
    >
      <Text
        style={
          {
            "fontSize": 24,
            "fontWeight": "bold",
          }
        }
      >
        8
      </Text>
    </View>
    <View
      accessibilityState={
        {
          "busy": undefined,
          "checked": undefined,
          "disabled": undefined,
          "expanded": undefined,
          "selected": undefined,
        }
      }
      accessibilityValue={
        {
          "max": undefined,
          "min": undefined,
          "now": undefined,
          "text": undefined,
        }
      }
      accessible={true}
      collapsable={false}
      focusable={true}
      onClick={[Function]}
      onResponderGrant={[Function]}
      onResponderMove={[Function]}
      onResponderRelease={[Function]}
      onResponderTerminate={[Function]}
      onResponderTerminationRequest={[Function]}
      onStartShouldSetResponder={[Function]}
      style={
        {
          "alignItems": "center",
          "backgroundColor": "#58D0EA",
          "borderRadius": 40,
          "height": 80,
          "justifyContent": "center",
          "opacity": 1,
          "width": 80,
        }
      }
      testID="number-pad-button-9"
    >
      <Text
        style={
          {
            "fontSize": 24,
            "fontWeight": "bold",
          }
        }
      >
        9
      </Text>
    </View>
  </View>
  <View
    style={
      {
        "flexDirection": "row",
        "justifyContent": "space-between",
        "marginBottom": 10,
      }
    }
  >
    <View
      accessibilityState={
        {
          "busy": undefined,
          "checked": undefined,
          "disabled": undefined,
          "expanded": undefined,
          "selected": undefined,
        }
      }
      accessibilityValue={
        {
          "max": undefined,
          "min": undefined,
          "now": undefined,
          "text": undefined,
        }
      }
      accessible={true}
      collapsable={false}
      focusable={true}
      onClick={[Function]}
      onResponderGrant={[Function]}
      onResponderMove={[Function]}
      onResponderRelease={[Function]}
      onResponderTerminate={[Function]}
      onResponderTerminationRequest={[Function]}
      onStartShouldSetResponder={[Function]}
      style={
        {
          "alignItems": "center",
          "backgroundColor": "transparent",
          "borderRadius": 40,
          "height": 80,
          "justifyContent": "center",
          "opacity": 1,
          "width": 80,
        }
      }
      testID="number-pad-button-"
    >
      <Text
        style={
          {
            "fontSize": 24,
            "fontWeight": "bold",
          }
        }
      />
    </View>
    <View
      accessibilityState={
        {
          "busy": undefined,
          "checked": undefined,
          "disabled": undefined,
          "expanded": undefined,
          "selected": undefined,
        }
      }
      accessibilityValue={
        {
          "max": undefined,
          "min": undefined,
          "now": undefined,
          "text": undefined,
        }
      }
      accessible={true}
      collapsable={false}
      focusable={true}
      onClick={[Function]}
      onResponderGrant={[Function]}
      onResponderMove={[Function]}
      onResponderRelease={[Function]}
      onResponderTerminate={[Function]}
      onResponderTerminationRequest={[Function]}
      onStartShouldSetResponder={[Function]}
      style={
        {
          "alignItems": "center",
          "backgroundColor": "#58D0EA",
          "borderRadius": 40,
          "height": 80,
          "justifyContent": "center",
          "opacity": 1,
          "width": 80,
        }
      }
      testID="number-pad-button-0"
    >
      <Text
        style={
          {
            "fontSize": 24,
            "fontWeight": "bold",
          }
        }
      >
        0
      </Text>
    </View>
    <View
      accessibilityState={
        {
          "busy": undefined,
          "checked": undefined,
          "disabled": undefined,
          "expanded": undefined,
          "selected": undefined,
        }
      }
      accessibilityValue={
        {
          "max": undefined,
          "min": undefined,
          "now": undefined,
          "text": undefined,
        }
      }
      accessible={true}
      collapsable={false}
      focusable={true}
      onClick={[Function]}
      onResponderGrant={[Function]}
      onResponderMove={[Function]}
      onResponderRelease={[Function]}
      onResponderTerminate={[Function]}
      onResponderTerminationRequest={[Function]}
      onStartShouldSetResponder={[Function]}
      style={
        {
          "alignItems": "center",
          "backgroundColor": "#58D0EA",
          "borderRadius": 40,
          "height": 80,
          "justifyContent": "center",
          "opacity": 1,
          "width": 80,
        }
      }
      testID="number-pad-button-<<"
    >
      <Text
        style={
          {
            "fontSize": 24,
            "fontWeight": "bold",
          }
        }
      >
        &lt;&lt;
      </Text>
    </View>
  </View>
</View>
`;
