// Jest Snapshot v1, https://goo.gl/fbAQLP

exports[`<Digits /> Digits renders correctly 1`] = `
<View
  style={
    [
      {
        "borderRadius": 17.5,
        "height": 35,
        "width": 35,
      },
      {
        "backgroundColor": "#E2E8F6",
      },
      {
        "borderColor": "#2D3343",
        "borderWidth": 0.5,
      },
    ]
  }
  testID="digit-component"
/>
`;
